============================= test session starts =============================
platform win32 -- Python 3.10.11, pytest-9.0.1, pluggy-1.6.0 -- C:\work\me\selective\backend\venv\Scripts\python.exe
cachedir: .pytest_cache
rootdir: C:\work\me\selective
plugins: flask-1.3.0
collecting ... collected 4 items

backend/tests/test_image_rotation.py::test_rotate_image_success Create response: 201, b'{"attempts":0,"author_id":1,"collection_id":null,"content_text":null,"created_at":"2025-12-05T23:27:19.676436","difficulty":3,"id":1,"images":[{"public_id":"pid_1","rotation":0,"url":"http://example.com/img1.jpg"},{"public_id":"pid_2","rotation":0,"url":"http://example.com/img2.jpg"}],"status":"UNANSWERED","subject":"MATHS","tags":[],"title":"Rotation Endpoint Test"}\n'
FAILED
backend/tests/test_image_rotation.py::test_rotate_image_invalid_angle PASSED
backend/tests/test_image_rotation.py::test_rotate_image_invalid_index FAILED
backend/tests/test_image_rotation.py::test_rotate_image_unauthorized PASSED

================================== FAILURES ===================================
__________________________ test_rotate_image_success __________________________

client = <FlaskClient <Flask 'app'>>
auth_headers = {'Authorization': 'Bearer eyJhbGciOiJIUzI1NiIsInR5cCI6IkpXVCJ9.eyJmcmVzaCI6ZmFsc2UsImlhdCI6MTc2NDk3NzIzOSwianRpIjoiYTN...3MDE5NmIwMS0wOGQ5LTQyZWUtODZlYy1hZGFlNzQzMjJlMTkiLCJleHAiOjE3NjU1ODIwMzl9.UGjlsR8m8ayljnFdpNvkZtjBW9eXllH0AUGIAktj82U'}

    def test_rotate_image_success(client, auth_headers):
        """Test successful image rotation via dedicated endpoint"""
        # 1. Create an item with multiple images
        data = {
            'title': 'Rotation Endpoint Test',
            'subject': 'MATHS',
            'images': [
                {'url': 'http://example.com/img1.jpg', 'public_id': 'pid_1'},
                {'url': 'http://example.com/img2.jpg', 'public_id': 'pid_2'}
            ]
        }
        response = client.post('/api/items', json=data, headers=auth_headers)
        print(f"Create response: {response.status_code}, {response.data}")
        assert response.status_code == 201
        item_id = response.json['id']
    
        # 2. Rotate the second image (index 1) to 90 degrees
        rotate_data = {
            'image_index': 1,
            'rotation': 90
        }
        response = client.patch(f'/api/items/{item_id}/rotate', json=rotate_data, headers=auth_headers)
        assert response.status_code == 200
    
        # Verify immediate response
        assert response.json['rotation'] == 90
        assert response.json['image_index'] == 1
        assert 'updated_at' in response.json
    
        # 3. Verify persistence
        response = client.get(f'/api/items/{item_id}', headers=auth_headers)
        images = response.json['images']
>       assert images[1]['rotation'] == 90
E       assert 0 == 90

backend\tests\test_image_rotation.py:36: AssertionError
_______________________ test_rotate_image_invalid_index _______________________

client = <FlaskClient <Flask 'app'>>
auth_headers = {'Authorization': 'Bearer eyJhbGciOiJIUzI1NiIsInR5cCI6IkpXVCJ9.eyJmcmVzaCI6ZmFsc2UsImlhdCI6MTc2NDk3NzI0MSwianRpIjoiMGM...mMDEyODFhMi0zMzRlLTQ5NjMtYThkNi1lNmVkMmRkMGQ3MWEiLCJleHAiOjE3NjU1ODIwNDF9.C5VtXLLtmXkkD0m68nKIPVSb6ci_BY4duWamPvTKJNw'}

    def test_rotate_image_invalid_index(client, auth_headers):
        """Test validation for invalid image index"""
        # Create item
        data = {'title': 'Invalid Index Test', 'images': [{'url': 'u'}]}
        response = client.post('/api/items', json=data, headers=auth_headers)
>       item_id = response.json['id']
E       KeyError: 'id'

backend\tests\test_image_rotation.py:59: KeyError
============================== warnings summary ===============================
backend/tests/test_image_rotation.py::test_rotate_image_success
backend/tests/test_image_rotation.py::test_rotate_image_success
backend/tests/test_image_rotation.py::test_rotate_image_invalid_angle
  C:\work\me\selective\backend\venv\lib\site-packages\flask_sqlalchemy\query.py:30: LegacyAPIWarning: The Query.get() method is considered legacy as of the 1.x series of SQLAlchemy and becomes a legacy construct in 2.0. The method is now available as Session.get() (deprecated since: 2.0) (Background on SQLAlchemy 2.0 at: https://sqlalche.me/e/b8d9)
    rv = self.get(ident)

-- Docs: https://docs.pytest.org/en/stable/how-to/capture-warnings.html
=========================== short test summary info ===========================
FAILED backend/tests/test_image_rotation.py::test_rotate_image_success - assert 0 == 90
FAILED backend/tests/test_image_rotation.py::test_rotate_image_invalid_index - KeyError: 'id'
=================== 2 failed, 2 passed, 3 warnings in 2.86s ===================
